ðŸ” Logs de erro de org.qtproject.example.wxapp:
adb logcat | grep --line-buffered -E "wx|org.qtproject.example.wxapp|AndroidRuntime"
11-26 12:13:48.849  5002  5516 I Pageboost: start alp : org.qtproject.example.wxapp
11-26 12:13:48.850  5002  5519 I Pageboost: alp for : org.qtproject.example.wxapp , 0
11-26 12:13:48.851  6347 17944 E pageboostd: alp start : app orgqtprojectexamplewxapp
11-26 12:13:48.874  6347 17944 E pageboostd: orgqtprojectexamplewxapp, amt 0 scnt 0 fcnt 0
11-26 12:13:48.874  6347 17944 E pageboostd: orgqtprojectexamplewxapp, amt 0 scnt 0 fcnt 0
11-26 12:13:48.874  6347 17944 E pageboostd: alp end : app orgqtprojectexamplewxapp data_amount 0
11-26 12:13:48.930  5899  5986 I LauncherActivityInfo: packageName: org.qtproject.example.wxapp, useThemeIcon: false, height: 126, width: 126, density: 480
11-26 12:13:48.938  5002  5919 I ActivityTaskManager: START u0 {act=android.intent.action.MAIN cat=[android.intent.category.LAUNCHER] flg=0x10200000 cmp=org.qtproject.example.wxapp/org.qtproject.qt5.android.bindings.QtActivity bnds=[362,1200][526,1447]} from uid 10062
11-26 12:13:48.941  5002  5919 D ActivityTaskManager: TaskLaunchParamsModifier:task=null activity=ActivityRecord{ce102af u0 org.qtproject.example.wxapp/org.qtproject.qt5.android.bindings.QtActivity display-from-option=0 display-id=0 display-windowing-mode=1 suggested-display-area=DefaultTaskDisplayArea@129933090
11-26 12:13:48.941  5002  5919 D [secipm]: mSecIpmManager Preload org.qtproject.example.wxapp dex files
11-26 12:13:48.942  5002  5919 D ActivityTaskManager: TaskLaunchParamsModifier:task=null activity=ActivityRecord{ce102af u0 org.qtproject.example.wxapp/org.qtproject.qt5.android.bindings.QtActivity t-1} display-from-option=0 display-id=0 display-windowing-mode=1 suggested-display-area=DefaultTaskDisplayArea@129933090 inherit-from-source=fullscreen activity-options-fullscreen=Rect(0, 0 - 0, 0) non-freeform-display display-area=DefaultTaskDisplayArea@129933090 maximized-bounds
11-26 12:13:48.942  5002  6293 D PkgPredictorService-IpmAdcpController: create a new DexPreloadTask pkg:org.qtproject.example.wxapp  path:/data/app/~~39p3-TyiQymjsCqv5k_HPA==/org.qtproject.example.wxapp-qXoQHotgjKLoWJhVwMzKNQ==
11-26 12:13:48.945  5002  5919 D ActivityTaskManager: TaskLaunchParamsModifier:task=Task{cf9a6bc #580 type=standard A=10511:org.qtproject.example.wxapp U=0 visible=false mode=fullscreen translucent=true sz=0} activity=ActivityRecord{ce102af u0 org.qtproject.example.wxapp/org.qtproject.qt5.android.bindings.QtActivity t-1} display-from-option=0 display-id=0 display-windowing-mode=1 suggested-display-area=DefaultTaskDisplayArea@129933090 inherit-from-source=fullscreen activity-options-fullscreen=Rect(0, 0 - 0, 0) non-freeform-display display-area=DefaultTaskDisplayArea@129933090 maximized-bounds
11-26 12:13:48.949  4898  6765 I SurfaceFlinger: id=52550 createSurf (0x0),-1 flag=80004, ActivityRecord{ce102af u0 org.qtproject.example.wxapp/org.qtproject.qt5.android.bindings.QtActivity t580}#0
11-26 12:13:48.956  5550  5658 D StartingSurfaceDrawer: addSplashScreen org.qtproject.example.wxapp theme=10302e3 task=580 suggestType=1
11-26 12:13:48.963  5002  5002 I Pageboost: package org.qtproject.example.wxapp
11-26 12:13:48.965  5002  5519 I Pageboost: Record App IO : org.qtproject.example.wxapp pid 0
11-26 12:13:48.966  5002  5653 D MARsPolicyManager: onPackageResumedFG pkgName = org.qtproject.example.wxapp, userId = 0
11-26 12:13:48.973  4898  6765 I SurfaceFlinger: id=52551 createSurf (0x0),-1 flag=80004, 85236ec Splash Screen org.qtproject.example.wxapp#0
11-26 12:13:48.974  5002  5919 D WindowManager: rotationForOrientation, orientationSource=ActivityRecord{ce102af u0 org.qtproject.example.wxapp/org.qtproject.qt5.android.bindings.QtActivity t580}
11-26 12:13:48.975  5002  5919 D WindowManager: rotationForOrientation, orientationSource=ActivityRecord{ce102af u0 org.qtproject.example.wxapp/org.qtproject.qt5.android.bindings.QtActivity t580}
11-26 12:13:48.976  5550  5658 I ViewRootImpl@8b50842[wxapp]: setView = android.widget.FrameLayout@2a21eaf TM=true
11-26 12:13:48.984  5002  5919 D WindowManager: rotationForOrientation, orientationSource=ActivityRecord{ce102af u0 org.qtproject.example.wxapp/org.qtproject.qt5.android.bindings.QtActivity t580}
11-26 12:13:48.992  5002  5135 I ActivityManager: Start proc 17954:org.qtproject.example.wxapp/u0a511 for pre-top-activity {org.qtproject.example.wxapp/org.qtproject.qt5.android.bindings.QtActivity}
11-26 12:13:48.995  5002  5919 V WindowManager: Relayout Window{85236ec u0 Splash Screen org.qtproject.example.wxapp}: viewVisibility=0 req=720x1600 d0
11-26 12:13:48.996  4898  6765 I SurfaceFlinger: id=52552 createSurf (720x1600),-3 flag=40004, Splash Screen org.qtproject.example.wxapp$_5550#0
11-26 12:13:48.996  5002  5919 D WindowManager: makeSurface duration=1 name=Splash Screen org.qtproject.example.wxapp$_5550
11-26 12:13:49.000  5002  5919 D WindowManager: rotationForOrientation, orientationSource=ActivityRecord{ce102af u0 org.qtproject.example.wxapp/org.qtproject.qt5.android.bindings.QtActivity t580}
11-26 12:13:49.004  5550  5658 I ViewRootImpl@8b50842[wxapp]: Relayout returned: old=(0,0,720,1600) new=(0,0,720,1600) req=(720,1600)0 dur=8 res=0x7 s={true 480984334336} ch=true fn=-1
11-26 12:13:49.006  5550  5658 I ViewRootImpl@8b50842[wxapp]: [DP] dp(1) 0 android.view.ViewRootImpl.reportNextDraw:11420 android.view.ViewRootImpl.performTraversals:4193 android.view.ViewRootImpl.doTraversal:2919 
11-26 12:13:49.006  5550  5658 D ViewRootImpl@8b50842[wxapp]: Creating frameDrawingCallback nextDrawUseBlastSync=false reportNextDraw=true hasBlurUpdates=false
11-26 12:13:49.006  5550  5658 D ViewRootImpl@8b50842[wxapp]: Creating frameCompleteCallback
11-26 12:13:49.009  5550  6138 D ViewRootImpl@8b50842[wxapp]: Received frameDrawingCallback frameNum=1. Creating transactionCompleteCallback=false
11-26 12:13:49.013 17954 17954 I t.example.wxap: Late-enabling -Xcheck:jni
11-26 12:13:49.015  5550  5714 D ViewRootImpl@8b50842[wxapp]: Received frameCompleteCallback  lastAcquiredFrameNum=1 lastAttemptedDrawFrameNum=1
11-26 12:13:49.016  5550  5658 I ViewRootImpl@8b50842[wxapp]: [DP] pdf(0) 0 android.view.ViewRootImpl.lambda$addFrameCompleteCallbackIfNeeded$3$ViewRootImpl:4995 android.view.ViewRootImpl$$ExternalSyntheticLambda16.run:6 android.os.Handler.handleCallback:938 
11-26 12:13:49.016  5550  5658 I ViewRootImpl@8b50842[wxapp]: [DP] rdf()
11-26 12:13:49.016  5550  5658 D ViewRootImpl@8b50842[wxapp]: reportDrawFinished (fn: -1) 
11-26 12:13:49.016  5002  5919 D WindowManager: finishDrawingWindow: Window{85236ec u0 Splash Screen org.qtproject.example.wxapp} mDrawState=DRAW_PENDING
11-26 12:13:49.031  5002  5078 D WindowManager: createAnimationAdapter(): container=Task{cf9a6bc #580 type=standard A=10511:org.qtproject.example.wxapp U=0 visible=true mode=fullscreen translucent=false sz=1}
11-26 12:13:49.035  5002  5078 D WindowManager: 	Add container=Task{cf9a6bc #580 type=standard A=10511:org.qtproject.example.wxapp U=0 visible=true mode=fullscreen translucent=false sz=1}
11-26 12:13:49.046  5002  5078 I WindowManager: container=Task{cf9a6bc #580 type=standard A=10511:org.qtproject.example.wxapp U=0 visible=true mode=fullscreen translucent=false sz=1}
11-26 12:13:49.046  5002  5078 I WindowManager:   taskInfo=TaskInfo{userId=0 taskId=580 displayId=0 isRunning=true baseIntent=Intent { act=android.intent.action.MAIN cat=[android.intent.category.LAUNCHER] flg=0x10200000 cmp=org.qtproject.example.wxapp/org.qtproject.qt5.android.bindings.QtActivity } baseActivity=ComponentInfo{org.qtproject.example.wxapp/org.qtproject.qt5.android.bindings.QtActivity} topActivity=ComponentInfo{org.qtproject.example.wxapp/org.qtproject.qt5.android.bindings.QtActivity} origActivity=null realActivity=ComponentInfo{org.qtproject.example.wxapp/org.qtproject.qt5.android.bindings.QtActivity} numActivities=1 lastActiveTime=571540978 supportsSplitScreenMultiWindow=true supportsMultiWindow=true resizeMode=1 isResizeable=true token=WCT{RemoteToken{206e4fa Task{cf9a6bc #580 type=standard A=10511:org.qtproject.example.wxapp U=0 visible=true mode=fullscreen translucent=false sz=1}}} topActivityType=1 pictureInPictureParams=PictureInPictureParams( aspectRatio=null sourceRectHint=null hasSetActions=false isAutoPipEnabled=false isSeamlessResizeEnabled=true) displayCutoutSafeInsets=Rect(0, 68 - 0, 0) topActivityInfo=ActivityInfo{a0fdaab org.qtproject.qt5.android.bindings.QtActivity} launchCookies=[android.os.BinderProxy@8a26508] positionInParent=Point(0, 0) parentTaskId=-1 isFocused=false isVisible=true topActivityInSizeCompat=false locusId= null topLaunchHome=false launchSplitWindowingMode=0 isPairTask=false pairedTaskIds=[] pairWindowingMode=0 pairDockSide=0 isAnimatingByRecent=false originallySupportedSplitScreen=true isAnimatingFreeformToFullscreen=false topActivityInFixedAspectRatio=false isTopTransparentActivity=true}
11-26 12:13:49.047  5550  5658 D InsetsSourceConsumer: ensureControlAlpha: for ITYPE_NAVIGATION_BAR on Splash Screen org.qtproject.example.wxapp
11-26 12:13:49.048  5550  5658 D InsetsSourceConsumer: ensureControlAlpha: for ITYPE_STATUS_BAR on Splash Screen org.qtproject.example.wxapp
11-26 12:13:49.076 17954 17954 I t.example.wxap: Using CollectorTypeCC GC.
11-26 12:13:49.091 17954 17954 E USNET   : USNET: appName: org.qtproject.example.wxapp
11-26 12:13:49.092  4898  4898 D SurfaceFlinger:      CLIENT | 0x7cc78bef80 | 0100 | RGBA_8888    |    0.0  706.0  720.0 1426.0 |  385 1225  503 1343 | Splash Screen org.qtproject.example.wxapp$_5550#0
11-26 12:13:49.133  5002  5653 I ActivityManager: DSS OFF for org.qtproject.example.wxapp
11-26 12:13:49.139  5002  5653 D ActivityManager: attachApplicationLocked() app=ProcessRecord{e457ab5 17954:org.qtproject.example.wxapp/u0a511} app.isolatedEntryPoint=null instr2=null
11-26 12:13:49.141  5002  5653 D WindowManager: rotationForOrientation, orientationSource=ActivityRecord{ce102af u0 org.qtproject.example.wxapp/org.qtproject.qt5.android.bindings.QtActivity t580}
11-26 12:13:49.149  5002  5653 D SGM:PkgDataHelper: notifyAppCreate(), pkgName: org.qtproject.example.wxapp, userId: 0, sendRet: true
11-26 12:13:49.149  5002  5387 D SGM:GameManager: onLooperPrepared(), msg: MSG_APP_CREATE, pkgName: org.qtproject.example.wxapp, userId: 0
11-26 12:13:49.150  5002  5653 D MARsPolicyManager: onPackageResumedFG pkgName = org.qtproject.example.wxapp, userId = 0
11-26 12:13:49.152  5002  5653 D SGM:GameManager:   sendRunningComponentFocus(), pkgName: org.qtproject.example.wxapp, userId: 0
11-26 12:13:49.152  5002  5387 D SGM:GameManager: onLooperPrepared(), msg: MSG_TASK_FOCUSED, pkgName: org.qtproject.example.wxapp, userId: 0
11-26 12:13:49.152  5002  5387 D SGM:GameManager:   handleTaskFocused(), pkgName: org.qtproject.example.wxapp, userID:0
11-26 12:13:49.154  5002  5387 D SGM:GameManager:   handleResume(). pkgName: org.qtproject.example.wxapp, userId: 0, isTunableApp: null
11-26 12:13:49.154  5002  5387 D SGM:GameManager: notifyFocusInOut(). of pkg: org.qtproject.example.wxapp, type: 4, isMinimized: false, isTunableApp: false, userId: 0
11-26 12:13:49.154  5002  5076 V ActivityManager: Changed top to ProcessRecord{e457ab5 17954:org.qtproject.example.wxapp/u0a511}
11-26 12:13:49.162  5002  5076 I GameSDK@LifeCycle: noteResumeComponent(): package name  : org.qtproject.example.wxapp
11-26 12:13:49.162  5002  5076 D SGM:GameManager: noteResumeComponent(), received pkgName: org.qtproject.example.wxapp, userId: 0
11-26 12:13:49.162  5002  5387 D SGM:GameManager: onLooperPrepared(), msg: MSG_APP_RESUME, pkgName: org.qtproject.example.wxapp, userid: 0
11-26 12:13:49.162  5002  5387 D SGM:GameManager:   handleResume(). pkgName: org.qtproject.example.wxapp, userId: 0, isTunableApp: null
11-26 12:13:49.162  5002  5387 D SGM:GameManager: notifyFocusInOut(). of pkg: org.qtproject.example.wxapp, type: 4, isMinimized: false, isTunableApp: false, userId: 0
11-26 12:13:49.163  5002  5076 D SGM:GameManager: identifyGamePackage. org.qtproject.example.wxapp, mCurrentUserId: 0, callerUserId: 0, callingMethodInfo: com.android.server.ssrm.fgapps.GameAppUtils.isGame(GameAppUtils.java:84)
11-26 12:13:49.163  5002  5076 D SGM:PkgDataHelper: getGamePkgData(). org.qtproject.example.wxapp
11-26 12:13:49.164  5002  5076 D SGM:GameManager: identifyGamePackage. org.qtproject.example.wxapp, mCurrentUserId: 0, callerUserId: 0, callingMethodInfo: com.android.server.ssrm.SortingMachine.isGame(SortingMachine.java:162)
11-26 12:13:49.164  5002  5076 D SGM:PkgDataHelper: getGamePkgData(). org.qtproject.example.wxapp
11-26 12:13:49.166  5002  5653 D SGM:GameManager: identifyForegroundApp. org.qtproject.example.wxapp, mCurrentUserId: 0, callerUserId: 0
11-26 12:13:49.166  5002  5653 D SGM:PkgDataHelper: getGamePkgData(). org.qtproject.example.wxapp
11-26 12:13:49.173  5002  5076 D SGM:GameManager: identifyGamePackage. org.qtproject.example.wxapp, mCurrentUserId: 0, callerUserId: 0, callingMethodInfo: com.samsung.android.game.SemGameManager.isGamePackage(SemGameManager.java:104)
11-26 12:13:49.173  5002  5076 D SGM:PkgDataHelper: getGamePkgData(). org.qtproject.example.wxapp
11-26 12:13:49.173  5002  5076 D SGM:SemGameManager: isGamePackage(), pkgName=org.qtproject.example.wxapp, ret=false
11-26 12:13:49.173  5002  8894 D SGM:GameManager: identifyGamePackage. org.qtproject.example.wxapp, mCurrentUserId: 0, callerUserId: 0, callingMethodInfo: com.samsung.android.game.IGameManagerService$Stub.onTransact(IGameManagerService.java:242)
11-26 12:13:49.173  5002  8894 D SGM:PkgDataHelper: getGamePkgData(). org.qtproject.example.wxapp
11-26 12:13:49.174 17954 17954 D ActivityThread: handleBindApplication()++ app=org.qtproject.example.wxapp
11-26 12:13:49.198  5002  5473 W SemWifiTransportLayerUtils: getApplicationCategory - IOException org.qtproject.example.wxapp
11-26 12:13:49.198  5002  5473 W System.err: java.io.FileNotFoundException: https://play.google.com/store/apps/details?id=org.qtproject.example.wxapp&hl=en
11-26 12:13:49.235 17954 17954 D nativeloader: Configuring clns-4 for other apk /data/app/~~39p3-TyiQymjsCqv5k_HPA==/org.qtproject.example.wxapp-qXoQHotgjKLoWJhVwMzKNQ==/base.apk. target_sdk_version=28, uses_libraries=, library_path=/data/app/~~39p3-TyiQymjsCqv5k_HPA==/org.qtproject.example.wxapp-qXoQHotgjKLoWJhVwMzKNQ==/lib/arm64:/data/app/~~39p3-TyiQymjsCqv5k_HPA==/org.qtproject.example.wxapp-qXoQHotgjKLoWJhVwMzKNQ==/base.apk!/lib/arm64-v8a, permitted_path=/data:/mnt/expand:/data/user/0/org.qtproject.example.wxapp
11-26 12:13:49.260 17954 17954 V GraphicsEnvironment: ANGLE Developer option for 'org.qtproject.example.wxapp' set to: 'default'
11-26 12:13:49.269 17954 17954 D LoadedApk: LoadedApk::makeApplication() appContext.mOpPackageName=org.qtproject.example.wxapp appContext.mBasePackageName=org.qtproject.example.wxapp
11-26 12:13:49.321  5002  7307 D WindowManager: 	container=Task{cf9a6bc #580 type=standard A=10511:org.qtproject.example.wxapp U=0 visible=true mode=fullscreen translucent=false sz=1}
11-26 12:13:49.353  4898  4898 D SurfaceFlinger:      DEVICE | 0x7cc78bef80 | 0100 | RGBA_8888    |    0.0    0.0  720.0 1600.0 |    0    0  720 1600 | Splash Screen org.qtproject.example.wxapp$_5550#0
11-26 12:13:49.682 17954 17995 D nativeloader: Load /data/app/~~39p3-TyiQymjsCqv5k_HPA==/org.qtproject.example.wxapp-qXoQHotgjKLoWJhVwMzKNQ==/lib/arm64/libc++_shared.so using class loader ns clns-4 (caller=/data/app/~~39p3-TyiQymjsCqv5k_HPA==/org.qtproject.example.wxapp-qXoQHotgjKLoWJhVwMzKNQ==/base.apk): ok
11-26 12:13:49.688 17954 17995 D nativeloader: Load /data/app/~~39p3-TyiQymjsCqv5k_HPA==/org.qtproject.example.wxapp-qXoQHotgjKLoWJhVwMzKNQ==/lib/arm64/libQt5Core_arm64-v8a.so using class loader ns clns-4 (caller=/data/app/~~39p3-TyiQymjsCqv5k_HPA==/org.qtproject.example.wxapp-qXoQHotgjKLoWJhVwMzKNQ==/base.apk): ok
11-26 12:13:49.698 17954 17995 D nativeloader: Load /data/app/~~39p3-TyiQymjsCqv5k_HPA==/org.qtproject.example.wxapp-qXoQHotgjKLoWJhVwMzKNQ==/lib/arm64/libQt5Gui_arm64-v8a.so using class loader ns clns-4 (caller=/data/app/~~39p3-TyiQymjsCqv5k_HPA==/org.qtproject.example.wxapp-qXoQHotgjKLoWJhVwMzKNQ==/base.apk): ok
11-26 12:13:49.710 17954 17995 D nativeloader: Load /data/app/~~39p3-TyiQymjsCqv5k_HPA==/org.qtproject.example.wxapp-qXoQHotgjKLoWJhVwMzKNQ==/lib/arm64/libQt5Widgets_arm64-v8a.so using class loader ns clns-4 (caller=/data/app/~~39p3-TyiQymjsCqv5k_HPA==/org.qtproject.example.wxapp-qXoQHotgjKLoWJhVwMzKNQ==/base.apk): ok
11-26 12:13:49.714 17954 17995 D nativeloader: Load /data/app/~~39p3-TyiQymjsCqv5k_HPA==/org.qtproject.example.wxapp-qXoQHotgjKLoWJhVwMzKNQ==/lib/arm64/libQt5OpenGL_arm64-v8a.so using class loader ns clns-4 (caller=/data/app/~~39p3-TyiQymjsCqv5k_HPA==/org.qtproject.example.wxapp-qXoQHotgjKLoWJhVwMzKNQ==/base.apk): ok
11-26 12:13:49.717 17954 17995 D nativeloader: Load /data/app/~~39p3-TyiQymjsCqv5k_HPA==/org.qtproject.example.wxapp-qXoQHotgjKLoWJhVwMzKNQ==/lib/arm64/libQt5Svg_arm64-v8a.so using class loader ns clns-4 (caller=/data/app/~~39p3-TyiQymjsCqv5k_HPA==/org.qtproject.example.wxapp-qXoQHotgjKLoWJhVwMzKNQ==/base.apk): ok
11-26 12:13:49.719 17954 17995 D nativeloader: Load /data/app/~~39p3-TyiQymjsCqv5k_HPA==/org.qtproject.example.wxapp-qXoQHotgjKLoWJhVwMzKNQ==/lib/arm64/libQt5Test_arm64-v8a.so using class loader ns clns-4 (caller=/data/app/~~39p3-TyiQymjsCqv5k_HPA==/org.qtproject.example.wxapp-qXoQHotgjKLoWJhVwMzKNQ==/base.apk): ok
11-26 12:13:49.724 17954 17995 D nativeloader: Load /data/app/~~39p3-TyiQymjsCqv5k_HPA==/org.qtproject.example.wxapp-qXoQHotgjKLoWJhVwMzKNQ==/lib/arm64/libplugins_platforms_qtforandroid_arm64-v8a.so using class loader ns clns-4 (caller=/data/app/~~39p3-TyiQymjsCqv5k_HPA==/org.qtproject.example.wxapp-qXoQHotgjKLoWJhVwMzKNQ==/base.apk): ok
11-26 12:13:49.734 17954 17954 I t.example.wxap: hiddenapi: Accessing hidden field Landroid/R$styleable;->ViewDrawableStates:[I (runtime_flags=0, domain=platform, api=max-target-q) from Lorg/qtproject/qt5/android/ExtractStyle; (domain=app) using reflection: allowed
11-26 12:13:49.735 17954 17954 I t.example.wxap: hiddenapi: Accessing hidden field Landroid/R$styleable;->View_background:I (runtime_flags=0, domain=platform, api=max-target-q) from Lorg/qtproject/qt5/android/ExtractStyle; (domain=app) using reflection: allowed
11-26 12:13:49.736 17954 17954 I t.example.wxap: hiddenapi: Accessing hidden field Landroid/R$styleable;->View_padding:I (runtime_flags=0, domain=platform, api=max-target-q) from Lorg/qtproject/qt5/android/ExtractStyle; (domain=app) using reflection: allowed
11-26 12:13:49.736 17954 17954 I t.example.wxap: hiddenapi: Accessing hidden field Landroid/R$styleable;->View_paddingLeft:I (runtime_flags=0, domain=platform, api=max-target-q) from Lorg/qtproject/qt5/android/ExtractStyle; (domain=app) using reflection: allowed
11-26 12:13:49.736 17954 17954 I t.example.wxap: hiddenapi: Accessing hidden field Landroid/R$styleable;->View_paddingTop:I (runtime_flags=0, domain=platform, api=max-target-q) from Lorg/qtproject/qt5/android/ExtractStyle; (domain=app) using reflection: allowed
11-26 12:13:49.736 17954 17954 I t.example.wxap: hiddenapi: Accessing hidden field Landroid/R$styleable;->View_paddingRight:I (runtime_flags=0, domain=platform, api=max-target-q) from Lorg/qtproject/qt5/android/ExtractStyle; (domain=app) using reflection: allowed
11-26 12:13:49.736 17954 17954 I t.example.wxap: hiddenapi: Accessing hidden field Landroid/R$styleable;->View_paddingBottom:I (runtime_flags=0, domain=platform, api=max-target-q) from Lorg/qtproject/qt5/android/ExtractStyle; (domain=app) using reflection: allowed
11-26 12:13:49.736 17954 17954 I t.example.wxap: hiddenapi: Accessing hidden field Landroid/R$styleable;->View_scrollX:I (runtime_flags=0, domain=platform, api=max-target-q) from Lorg/qtproject/qt5/android/ExtractStyle; (domain=app) using reflection: allowed
11-26 12:13:49.736 17954 17954 I t.example.wxap: hiddenapi: Accessing hidden field Landroid/R$styleable;->View_scrollY:I (runtime_flags=0, domain=platform, api=max-target-q) from Lorg/qtproject/qt5/android/ExtractStyle; (domain=app) using reflection: allowed
11-26 12:13:49.736 17954 17954 I t.example.wxap: hiddenapi: Accessing hidden field Landroid/R$styleable;->View_id:I (runtime_flags=0, domain=platform, api=max-target-q) from Lorg/qtproject/qt5/android/ExtractStyle; (domain=app) using reflection: allowed
11-26 12:13:49.736 17954 17954 I t.example.wxap: hiddenapi: Accessing hidden field Landroid/R$styleable;->View_tag:I (runtime_flags=0, domain=platform, api=max-target-q) from Lorg/qtproject/qt5/android/ExtractStyle; (domain=app) using reflection: allowed
11-26 12:13:49.737 17954 17954 I t.example.wxap: hiddenapi: Accessing hidden field Landroid/R$styleable;->View_fitsSystemWindows:I (runtime_flags=0, domain=platform, api=max-target-q) from Lorg/qtproject/qt5/android/ExtractStyle; (domain=app) using reflection: allowed
11-26 12:13:49.737 17954 17954 I t.example.wxap: hiddenapi: Accessing hidden field Landroid/R$styleable;->View_focusable:I (runtime_flags=0, domain=platform, api=max-target-q) from Lorg/qtproject/qt5/android/ExtractStyle; (domain=app) using reflection: allowed
11-26 12:13:49.737 17954 17954 I t.example.wxap: hiddenapi: Accessing hidden field Landroid/R$styleable;->View_focusableInTouchMode:I (runtime_flags=0, domain=platform, api=max-target-q) from Lorg/qtproject/qt5/android/ExtractStyle; (domain=app) using reflection: allowed
11-26 12:13:49.737 17954 17954 I t.example.wxap: hiddenapi: Accessing hidden field Landroid/R$styleable;->View_clickable:I (runtime_flags=0, domain=platform, api=max-target-q) from Lorg/qtproject/qt5/android/ExtractStyle; (domain=app) using reflection: allowed
11-26 12:13:49.737 17954 17954 I t.example.wxap: hiddenapi: Accessing hidden field Landroid/R$styleable;->View_longClickable:I (runtime_flags=0, domain=platform, api=max-target-q) from Lorg/qtproject/qt5/android/ExtractStyle; (domain=app) using reflection: allowed
11-26 12:13:49.737 17954 17954 I t.example.wxap: hiddenapi: Accessing hidden field Landroid/R$styleable;->View_saveEnabled:I (runtime_flags=0, domain=platform, api=max-target-q) from Lorg/qtproject/qt5/android/ExtractStyle; (domain=app) using reflection: allowed
11-26 12:13:49.737 17954 17954 I t.example.wxap: hiddenapi: Accessing hidden field Landroid/R$styleable;->View_duplicateParentState:I (runtime_flags=0, domain=platform, api=max-target-q) from Lorg/qtproject/qt5/android/ExtractStyle; (domain=app) using reflection: allowed
11-26 12:13:49.737 17954 17954 I t.example.wxap: hiddenapi: Accessing hidden field Landroid/R$styleable;->View_visibility:I (runtime_flags=0, domain=platform, api=max-target-q) from Lorg/qtproject/qt5/android/ExtractStyle; (domain=app) using reflection: allowed
11-26 12:13:49.737 17954 17954 I t.example.wxap: hiddenapi: Accessing hidden field Landroid/R$styleable;->View_drawingCacheQuality:I (runtime_flags=0, domain=platform, api=max-target-q) from Lorg/qtproject/qt5/android/ExtractStyle; (domain=app) using reflection: allowed
11-26 12:13:49.737 17954 17954 I t.example.wxap: hiddenapi: Accessing hidden field Landroid/R$styleable;->View_contentDescription:I (runtime_flags=0, domain=platform, api=max-target-q) from Lorg/qtproject/qt5/android/ExtractStyle; (domain=app) using reflection: allowed
11-26 12:13:49.738 17954 17954 I t.example.wxap: hiddenapi: Accessing hidden field Landroid/R$styleable;->View_soundEffectsEnabled:I (runtime_flags=0, domain=platform, api=max-target-q) from Lorg/qtproject/qt5/android/ExtractStyle; (domain=app) using reflection: allowed
11-26 12:13:49.738 17954 17954 I t.example.wxap: hiddenapi: Accessing hidden field Landroid/R$styleable;->View_hapticFeedbackEnabled:I (runtime_flags=0, domain=platform, api=max-target-q) from Lorg/qtproject/qt5/android/ExtractStyle; (domain=app) using reflection: allowed
11-26 12:13:49.738 17954 17954 I t.example.wxap: hiddenapi: Accessing hidden field Landroid/R$styleable;->View_scrollbars:I (runtime_flags=0, domain=platform, api=max-target-q) from Lorg/qtproject/qt5/android/ExtractStyle; (domain=app) using reflection: allowed
11-26 12:13:49.738 17954 17954 I t.example.wxap: hiddenapi: Accessing hidden field Landroid/R$styleable;->View_fadingEdge:I (runtime_flags=0, domain=platform, api=max-target-q) from Lorg/qtproject/qt5/android/ExtractStyle; (domain=app) using reflection: allowed
11-26 12:13:49.738 17954 17954 I t.example.wxap: hiddenapi: Accessing hidden field Landroid/R$styleable;->View_scrollbarStyle:I (runtime_flags=0, domain=platform, api=max-target-q) from Lorg/qtproject/qt5/android/ExtractStyle; (domain=app) using reflection: allowed
11-26 12:13:49.738 17954 17954 I t.example.wxap: hiddenapi: Accessing hidden field Landroid/R$styleable;->View_scrollbarFadeDuration:I (runtime_flags=0, domain=platform, api=max-target-q) from Lorg/qtproject/qt5/android/ExtractStyle; (domain=app) using reflection: allowed
11-26 12:13:49.738 17954 17954 I t.example.wxap: hiddenapi: Accessing hidden field Landroid/R$styleable;->View_scrollbarDefaultDelayBeforeFade:I (runtime_flags=0, domain=platform, api=max-target-q) from Lorg/qtproject/qt5/android/ExtractStyle; (domain=app) using reflection: allowed
11-26 12:13:49.738 17954 17954 I t.example.wxap: hiddenapi: Accessing hidden field Landroid/R$styleable;->View_scrollbarSize:I (runtime_flags=0, domain=platform, api=max-target-q) from Lorg/qtproject/qt5/android/ExtractStyle; (domain=app) using reflection: allowed
11-26 12:13:49.738 17954 17954 I t.example.wxap: hiddenapi: Accessing hidden field Landroid/R$styleable;->View_scrollbarThumbHorizontal:I (runtime_flags=0, domain=platform, api=max-target-q) from Lorg/qtproject/qt5/android/ExtractStyle; (domain=app) using reflection: allowed
11-26 12:13:49.738 17954 17954 I t.example.wxap: hiddenapi: Accessing hidden field Landroid/R$styleable;->View_scrollbarThumbVertical:I (runtime_flags=0, domain=platform, api=max-target-q) from Lorg/qtproject/qt5/android/ExtractStyle; (domain=app) using reflection: allowed
11-26 12:13:49.739 17954 17954 I t.example.wxap: hiddenapi: Accessing hidden field Landroid/R$styleable;->View_scrollbarTrackHorizontal:I (runtime_flags=0, domain=platform, api=max-target-q) from Lorg/qtproject/qt5/android/ExtractStyle; (domain=app) using reflection: allowed
11-26 12:13:49.739 17954 17954 I t.example.wxap: hiddenapi: Accessing hidden field Landroid/R$styleable;->View_scrollbarTrackVertical:I (runtime_flags=0, domain=platform, api=max-target-q) from Lorg/qtproject/qt5/android/ExtractStyle; (domain=app) using reflection: allowed
11-26 12:13:49.739 17954 17954 I t.example.wxap: hiddenapi: Accessing hidden field Landroid/R$styleable;->View_isScrollContainer:I (runtime_flags=0, domain=platform, api=max-target-q) from Lorg/qtproject/qt5/android/ExtractStyle; (domain=app) using reflection: allowed
11-26 12:13:49.739 17954 17954 I t.example.wxap: hiddenapi: Accessing hidden field Landroid/R$styleable;->View_keepScreenOn:I (runtime_flags=0, domain=platform, api=max-target-q) from Lorg/qtproject/qt5/android/ExtractStyle; (domain=app) using reflection: allowed
11-26 12:13:49.739 17954 17954 I t.example.wxap: hiddenapi: Accessing hidden field Landroid/R$styleable;->View_filterTouchesWhenObscured:I (runtime_flags=0, domain=platform, api=max-target-q) from Lorg/qtproject/qt5/android/ExtractStyle; (domain=app) using reflection: allowed
11-26 12:13:49.739 17954 17954 I t.example.wxap: hiddenapi: Accessing hidden field Landroid/R$styleable;->View_nextFocusLeft:I (runtime_flags=0, domain=platform, api=max-target-q) from Lorg/qtproject/qt5/android/ExtractStyle; (domain=app) using reflection: allowed
11-26 12:13:49.739 17954 17954 I t.example.wxap: hiddenapi: Accessing hidden field Landroid/R$styleable;->View_nextFocusRight:I (runtime_flags=0, domain=platform, api=max-target-q) from Lorg/qtproject/qt5/android/ExtractStyle; (domain=app) using reflection: allowed
11-26 12:13:49.739 17954 17954 I t.example.wxap: hiddenapi: Accessing hidden field Landroid/R$styleable;->View_nextFocusUp:I (runtime_flags=0, domain=platform, api=max-target-q) from Lorg/qtproject/qt5/android/ExtractStyle; (domain=app) using reflection: allowed
11-26 12:13:49.739 17954 17954 I t.example.wxap: hiddenapi: Accessing hidden field Landroid/R$styleable;->View_nextFocusDown:I (runtime_flags=0, domain=platform, api=max-target-q) from Lorg/qtproject/qt5/android/ExtractStyle; (domain=app) using reflection: allowed
11-26 12:13:49.739 17954 17954 I t.example.wxap: hiddenapi: Accessing hidden field Landroid/R$styleable;->View_minWidth:I (runtime_flags=0, domain=platform, api=max-target-q) from Lorg/qtproject/qt5/android/ExtractStyle; (domain=app) using reflection: allowed
11-26 12:13:49.740 17954 17954 I t.example.wxap: hiddenapi: Accessing hidden field Landroid/R$styleable;->View_minHeight:I (runtime_flags=0, domain=platform, api=max-target-q) from Lorg/qtproject/qt5/android/ExtractStyle; (domain=app) using reflection: allowed
11-26 12:13:49.740 17954 17954 I t.example.wxap: hiddenapi: Accessing hidden field Landroid/R$styleable;->View_onClick:I (runtime_flags=0, domain=platform, api=max-target-q) from Lorg/qtproject/qt5/android/ExtractStyle; (domain=app) using reflection: allowed
11-26 12:13:49.740 17954 17954 I t.example.wxap: hiddenapi: Accessing hidden field Landroid/R$styleable;->View_overScrollMode:I (runtime_flags=0, domain=platform, api=max-target-q) from Lorg/qtproject/qt5/android/ExtractStyle; (domain=app) using reflection: allowed
11-26 12:13:49.740 17954 17954 I t.example.wxap: hiddenapi: Accessing hidden field Landroid/R$styleable;->View_paddingStart:I (runtime_flags=0, domain=platform, api=max-target-q) from Lorg/qtproject/qt5/android/ExtractStyle; (domain=app) using reflection: allowed
11-26 12:13:49.740 17954 17954 I t.example.wxap: hiddenapi: Accessing hidden field Landroid/R$styleable;->View_paddingEnd:I (runtime_flags=0, domain=platform, api=max-target-q) from Lorg/qtproject/qt5/android/ExtractStyle; (domain=app) using reflection: allowed
11-26 12:13:49.740 17954 17954 I t.example.wxap: hiddenapi: Accessing hidden field Landroid/R$styleable;->TextAppearance_textColorHighlight:I (runtime_flags=0, domain=platform, api=max-target-q) from Lorg/qtproject/qt5/android/ExtractStyle; (domain=app) using reflection: allowed
11-26 12:13:49.740 17954 17954 I t.example.wxap: hiddenapi: Accessing hidden field Landroid/R$styleable;->TextAppearance_textColor:I (runtime_flags=0, domain=platform, api=max-target-q) from Lorg/qtproject/qt5/android/ExtractStyle; (domain=app) using reflection: allowed
11-26 12:13:49.740 17954 17954 I t.example.wxap: hiddenapi: Accessing hidden field Landroid/R$styleable;->TextAppearance_textColorHint:I (runtime_flags=0, domain=platform, api=max-target-q) from Lorg/qtproject/qt5/android/ExtractStyle; (domain=app) using reflection: allowed
11-26 12:13:49.740 17954 17954 I t.example.wxap: hiddenapi: Accessing hidden field Landroid/R$styleable;->TextAppearance_textColorLink:I (runtime_flags=0, domain=platform, api=max-target-q) from Lorg/qtproject/qt5/android/ExtractStyle; (domain=app) using reflection: allowed
11-26 12:13:49.741 17954 17954 I t.example.wxap: hiddenapi: Accessing hidden field Landroid/R$styleable;->TextAppearance_textSize:I (runtime_flags=0, domain=platform, api=max-target-q) from Lorg/qtproject/qt5/android/ExtractStyle; (domain=app) using reflection: allowed
11-26 12:13:49.741 17954 17954 I t.example.wxap: hiddenapi: Accessing hidden field Landroid/R$styleable;->TextAppearance_typeface:I (runtime_flags=0, domain=platform, api=max-target-q) from Lorg/qtproject/qt5/android/ExtractStyle; (domain=app) using reflection: allowed
11-26 12:13:49.741 17954 17954 I t.example.wxap: hiddenapi: Accessing hidden field Landroid/R$styleable;->TextAppearance_textStyle:I (runtime_flags=0, domain=platform, api=max-target-q) from Lorg/qtproject/qt5/android/ExtractStyle; (domain=app) using reflection: allowed
11-26 12:13:49.741 17954 17954 I t.example.wxap: hiddenapi: Accessing hidden field Landroid/R$styleable;->TextAppearance_textAllCaps:I (runtime_flags=0, domain=platform, api=max-target-q) from Lorg/qtproject/qt5/android/ExtractStyle; (domain=app) using reflection: allowed
11-26 12:13:49.741 17954 17954 I t.example.wxap: hiddenapi: Accessing hidden field Landroid/R$styleable;->TextView_editable:I (runtime_flags=0, domain=platform, api=max-target-q) from Lorg/qtproject/qt5/android/ExtractStyle; (domain=app) using reflection: allowed
11-26 12:13:49.741 17954 17954 I t.example.wxap: hiddenapi: Accessing hidden field Landroid/R$styleable;->TextView_inputMethod:I (runtime_flags=0, domain=platform, api=max-target-q) from Lorg/qtproject/qt5/android/ExtractStyle; (domain=app) using reflection: allowed
11-26 12:13:49.741 17954 17954 I t.example.wxap: hiddenapi: Accessing hidden field Landroid/R$styleable;->TextView_numeric:I (runtime_flags=0, domain=platform, api=max-target-q) from Lorg/qtproject/qt5/android/ExtractStyle; (domain=app) using reflection: allowed
11-26 12:13:49.741 17954 17954 I t.example.wxap: hiddenapi: Accessing hidden field Landroid/R$styleable;->TextView_digits:I (runtime_flags=0, domain=platform, api=max-target-q) from Lorg/qtproject/qt5/android/ExtractStyle; (domain=app) using reflection: allowed
11-26 12:13:49.741 17954 17954 I t.example.wxap: hiddenapi: Accessing hidden field Landroid/R$styleable;->TextView_phoneNumber:I (runtime_flags=0, domain=platform, api=max-target-q) from Lorg/qtproject/qt5/android/ExtractStyle; (domain=app) using reflection: allowed
11-26 12:13:49.741 17954 17954 I t.example.wxap: hiddenapi: Accessing hidden field Landroid/R$styleable;->TextView_autoText:I (runtime_flags=0, domain=platform, api=max-target-q) from Lorg/qtproject/qt5/android/ExtractStyle; (domain=app) using reflection: allowed
11-26 12:13:49.742 17954 17954 I t.example.wxap: hiddenapi: Accessing hidden field Landroid/R$styleable;->TextView_capitalize:I (runtime_flags=0, domain=platform, api=max-target-q) from Lorg/qtproject/qt5/android/ExtractStyle; (domain=app) using reflection: allowed
11-26 12:13:49.742 17954 17954 I t.example.wxap: hiddenapi: Accessing hidden field Landroid/R$styleable;->TextView_bufferType:I (runtime_flags=0, domain=platform, api=max-target-q) from Lorg/qtproject/qt5/android/ExtractStyle; (domain=app) using reflection: allowed
11-26 12:13:49.742 17954 17954 I t.example.wxap: hiddenapi: Accessing hidden field Landroid/R$styleable;->TextView_selectAllOnFocus:I (runtime_flags=0, domain=platform, api=max-target-q) from Lorg/qtproject/qt5/android/ExtractStyle; (domain=app) using reflection: allowed
11-26 12:13:49.742 17954 17954 I t.example.wxap: hiddenapi: Accessing hidden field Landroid/R$styleable;->TextView_autoLink:I (runtime_flags=0, domain=platform, api=max-target-q) from Lorg/qtproject/qt5/android/ExtractStyle; (domain=app) using reflection: allowed
11-26 12:13:49.742 17954 17954 I t.example.wxap: hiddenapi: Accessing hidden field Landroid/R$styleable;->TextView_linksClickable:I (runtime_flags=0, domain=platform, api=max-target-q) from Lorg/qtproject/qt5/android/ExtractStyle; (domain=app) using reflection: allowed
11-26 12:13:49.742 17954 17954 I t.example.wxap: hiddenapi: Accessing hidden field Landroid/R$styleable;->TextView_drawableLeft:I (runtime_flags=0, domain=platform, api=max-target-q) from Lorg/qtproject/qt5/android/ExtractStyle; (domain=app) using reflection: allowed
11-26 12:13:49.742 17954 17954 I t.example.wxap: hiddenapi: Accessing hidden field Landroid/R$styleable;->TextView_drawableTop:I (runtime_flags=0, domain=platform, api=max-target-q) from Lorg/qtproject/qt5/android/ExtractStyle; (domain=app) using reflection: allowed
11-26 12:13:49.742 17954 17954 I t.example.wxap: hiddenapi: Accessing hidden field Landroid/R$styleable;->TextView_drawableRight:I (runtime_flags=0, domain=platform, api=max-target-q) from Lorg/qtproject/qt5/android/ExtractStyle; (domain=app) using reflection: allowed
11-26 12:13:49.742 17954 17954 I t.example.wxap: hiddenapi: Accessing hidden field Landroid/R$styleable;->TextView_drawableBottom:I (runtime_flags=0, domain=platform, api=max-target-q) from Lorg/qtproject/qt5/android/ExtractStyle; (domain=app) using reflection: allowed
11-26 12:13:49.742 17954 17954 I t.example.wxap: hiddenapi: Accessing hidden field Landroid/R$styleable;->TextView_drawableStart:I (runtime_flags=0, domain=platform, api=max-target-q) from Lorg/qtproject/qt5/android/ExtractStyle; (domain=app) using reflection: allowed
11-26 12:13:49.743 17954 17954 I t.example.wxap: hiddenapi: Accessing hidden field Landroid/R$styleable;->TextView_drawableEnd:I (runtime_flags=0, domain=platform, api=max-target-q) from Lorg/qtproject/qt5/android/ExtractStyle; (domain=app) using reflection: allowed
11-26 12:13:49.743 17954 17954 I t.example.wxap: hiddenapi: Accessing hidden field Landroid/R$styleable;->TextView_drawablePadding:I (runtime_flags=0, domain=platform, api=max-target-q) from Lorg/qtproject/qt5/android/ExtractStyle; (domain=app) using reflection: allowed
11-26 12:13:49.743 17954 17954 I t.example.wxap: hiddenapi: Accessing hidden field Landroid/R$styleable;->TextView_textCursorDrawable:I (runtime_flags=0, domain=platform, api=max-target-q) from Lorg/qtproject/qt5/android/ExtractStyle; (domain=app) using reflection: allowed
11-26 12:13:49.743 17954 17954 I t.example.wxap: hiddenapi: Accessing hidden field Landroid/R$styleable;->TextView_maxLines:I (runtime_flags=0, domain=platform, api=max-target-q) from Lorg/qtproject/qt5/android/ExtractStyle; (domain=app) using reflection: allowed
11-26 12:13:49.743 17954 17954 I t.example.wxap: hiddenapi: Accessing hidden field Landroid/R$styleable;->TextView_maxHeight:I (runtime_flags=0, domain=platform, api=max-target-q) from Lorg/qtproject/qt5/android/ExtractStyle; (domain=app) using reflection: allowed
11-26 12:13:49.743 17954 17954 I t.example.wxap: hiddenapi: Accessing hidden field Landroid/R$styleable;->TextView_lines:I (runtime_flags=0, domain=platform, api=max-target-q) from Lorg/qtproject/qt5/android/ExtractStyle; (domain=app) using reflection: allowed
11-26 12:13:49.743 17954 17954 I t.example.wxap: hiddenapi: Accessing hidden field Landroid/R$styleable;->TextView_height:I (runtime_flags=0, domain=platform, api=max-target-q) from Lorg/qtproject/qt5/android/ExtractStyle; (domain=app) using reflection: allowed
11-26 12:13:49.743 17954 17954 I t.example.wxap: hiddenapi: Accessing hidden field Landroid/R$styleable;->TextView_minLines:I (runtime_flags=0, domain=platform, api=max-target-q) from Lorg/qtproject/qt5/android/ExtractStyle; (domain=app) using reflection: allowed
11-26 12:13:49.743 17954 17954 I t.example.wxap: hiddenapi: Accessing hidden field Landroid/R$styleable;->TextView_minHeight:I (runtime_flags=0, domain=platform, api=max-target-q) from Lorg/qtproject/qt5/android/ExtractStyle; (domain=app) using reflection: allowed
11-26 12:13:49.744 17954 17954 I t.example.wxap: hiddenapi: Accessing hidden field Landroid/R$styleable;->TextView_maxEms:I (runtime_flags=0, domain=platform, api=max-target-q) from Lorg/qtproject/qt5/android/ExtractStyle; (domain=app) using reflection: allowed
11-26 12:13:49.744 17954 17954 I t.example.wxap: hiddenapi: Accessing hidden field Landroid/R$styleable;->TextView_maxWidth:I (runtime_flags=0, domain=platform, api=max-target-q) from Lorg/qtproject/qt5/android/ExtractStyle; (domain=app) using reflection: allowed
11-26 12:13:49.744 17954 17954 I t.example.wxap: hiddenapi: Accessing hidden field Landroid/R$styleable;->TextView_ems:I (runtime_flags=0, domain=platform, api=max-target-q) from Lorg/qtproject/qt5/android/ExtractStyle; (domain=app) using reflection: allowed
11-26 12:13:49.744 17954 17954 I t.example.wxap: hiddenapi: Accessing hidden field Landroid/R$styleable;->TextView_width:I (runtime_flags=0, domain=platform, api=max-target-q) from Lorg/qtproject/qt5/android/ExtractStyle; (domain=app) using reflection: allowed
11-26 12:13:49.744 17954 17954 I t.example.wxap: hiddenapi: Accessing hidden field Landroid/R$styleable;->TextView_minEms:I (runtime_flags=0, domain=platform, api=max-target-q) from Lorg/qtproject/qt5/android/ExtractStyle; (domain=app) using reflection: allowed
11-26 12:13:49.744 17954 17954 I t.example.wxap: hiddenapi: Accessing hidden field Landroid/R$styleable;->TextView_minWidth:I (runtime_flags=0, domain=platform, api=max-target-q) from Lorg/qtproject/qt5/android/ExtractStyle; (domain=app) using reflection: allowed
11-26 12:13:49.744 17954 17954 I t.example.wxap: hiddenapi: Accessing hidden field Landroid/R$styleable;->TextView_gravity:I (runtime_flags=0, domain=platform, api=max-target-q) from Lorg/qtproject/qt5/android/ExtractStyle; (domain=app) using reflection: allowed
11-26 12:13:49.744 17954 17954 I t.example.wxap: hiddenapi: Accessing hidden field Landroid/R$styleable;->TextView_hint:I (runtime_flags=0, domain=platform, api=max-target-q) from Lorg/qtproject/qt5/android/ExtractStyle; (domain=app) using reflection: allowed
11-26 12:13:49.744 17954 17954 I t.example.wxap: hiddenapi: Accessing hidden field Landroid/R$styleable;->TextView_text:I (runtime_flags=0, domain=platform, api=max-target-q) from Lorg/qtproject/qt5/android/ExtractStyle; (domain=app) using reflection: allowed
11-26 12:13:49.744 17954 17954 I t.example.wxap: hiddenapi: Accessing hidden field Landroid/R$styleable;->TextView_scrollHorizontally:I (runtime_flags=0, domain=platform, api=max-target-q) from Lorg/qtproject/qt5/android/ExtractStyle; (domain=app) using reflection: allowed
11-26 12:13:49.745 17954 17954 I t.example.wxap: hiddenapi: Accessing hidden field Landroid/R$styleable;->TextView_singleLine:I (runtime_flags=0, domain=platform, api=max-target-q) from Lorg/qtproject/qt5/android/ExtractStyle; (domain=app) using reflection: allowed
11-26 12:13:49.745 17954 17954 I t.example.wxap: hiddenapi: Accessing hidden field Landroid/R$styleable;->TextView_ellipsize:I (runtime_flags=0, domain=platform, api=max-target-q) from Lorg/qtproject/qt5/android/ExtractStyle; (domain=app) using reflection: allowed
11-26 12:13:49.745 17954 17954 I t.example.wxap: hiddenapi: Accessing hidden field Landroid/R$styleable;->TextView_marqueeRepeatLimit:I (runtime_flags=0, domain=platform, api=max-target-q) from Lorg/qtproject/qt5/android/ExtractStyle; (domain=app) using reflection: allowed
11-26 12:13:49.745 17954 17954 I t.example.wxap: hiddenapi: Accessing hidden field Landroid/R$styleable;->TextView_includeFontPadding:I (runtime_flags=0, domain=platform, api=max-target-q) from Lorg/qtproject/qt5/android/ExtractStyle; (domain=app) using reflection: allowed
11-26 12:13:49.745 17954 17954 I t.example.wxap: hiddenapi: Accessing hidden field Landroid/R$styleable;->TextView_cursorVisible:I (runtime_flags=0, domain=platform, api=max-target-q) from Lorg/qtproject/qt5/android/ExtractStyle; (domain=app) using reflection: allowed
11-26 12:13:49.745 17954 17954 I t.example.wxap: hiddenapi: Accessing hidden field Landroid/R$styleable;->TextView_maxLength:I (runtime_flags=0, domain=platform, api=max-target-q) from Lorg/qtproject/qt5/android/ExtractStyle; (domain=app) using reflection: allowed
11-26 12:13:49.745 17954 17954 I t.example.wxap: hiddenapi: Accessing hidden field Landroid/R$styleable;->TextView_textScaleX:I (runtime_flags=0, domain=platform, api=max-target-q) from Lorg/qtproject/qt5/android/ExtractStyle; (domain=app) using reflection: allowed
11-26 12:13:49.745 17954 17954 I t.example.wxap: hiddenapi: Accessing hidden field Landroid/R$styleable;->TextView_freezesText:I (runtime_flags=0, domain=platform, api=max-target-q) from Lorg/qtproject/qt5/android/ExtractStyle; (domain=app) using reflection: allowed
11-26 12:13:49.745 17954 17954 I t.example.wxap: hiddenapi: Accessing hidden field Landroid/R$styleable;->TextView_shadowColor:I (runtime_flags=0, domain=platform, api=max-target-q) from Lorg/qtproject/qt5/android/ExtractStyle; (domain=app) using reflection: allowed
11-26 12:13:49.745 17954 17954 I t.example.wxap: hiddenapi: Accessing hidden field Landroid/R$styleable;->TextView_shadowDx:I (runtime_flags=0, domain=platform, api=max-target-q) from Lorg/qtproject/qt5/android/ExtractStyle; (domain=app) using reflection: allowed
11-26 12:13:49.746 17954 17954 I t.example.wxap: hiddenapi: Accessing hidden field Landroid/R$styleable;->TextView_shadowDy:I (runtime_flags=0, domain=platform, api=max-target-q) from Lorg/qtproject/qt5/android/ExtractStyle; (domain=app) using reflection: allowed
11-26 12:13:49.746 17954 17954 I t.example.wxap: hiddenapi: Accessing hidden field Landroid/R$styleable;->TextView_shadowRadius:I (runtime_flags=0, domain=platform, api=max-target-q) from Lorg/qtproject/qt5/android/ExtractStyle; (domain=app) using reflection: allowed
11-26 12:13:49.746 17954 17954 W t.example.wxap: hiddenapi: Reached maximum number of hidden api access messages.
11-26 12:13:49.774 17954 17954 E t.example.wxap: Invalid ID 0x00000000.
11-26 12:13:51.997 17954 17995 D nativeloader: Load /data/app/~~39p3-TyiQymjsCqv5k_HPA==/org.qtproject.example.wxapp-qXoQHotgjKLoWJhVwMzKNQ==/lib/arm64/libwxapp_arm64-v8a.so using class loader ns clns-4 (caller=/data/app/~~39p3-TyiQymjsCqv5k_HPA==/org.qtproject.example.wxapp-qXoQHotgjKLoWJhVwMzKNQ==/base.apk): ok
11-26 12:13:52.097  4898  5089 I SurfaceFlinger: id=52558 createSurf (0x0),-1 flag=80004, 35ac467 org.qtproject.example.wxapp/org.qtproject.qt5.android.bindings.QtActivity#0
11-26 12:13:52.133  5002  8894 V WindowManager: Relayout Window{35ac467 u0 org.qtproject.example.wxapp/org.qtproject.qt5.android.bindings.QtActivity}: viewVisibility=0 req=720x1600 d0
11-26 12:13:52.134  4898  5089 I SurfaceFlinger: id=52559 createSurf (1x1),-3 flag=40004, org.qtproject.example.wxapp/org.qtproject.qt5.android.bindings.QtActivity$_17954#0
11-26 12:13:52.134  5002  8894 D WindowManager: makeSurface duration=1 name=org.qtproject.example.wxapp/org.qtproject.qt5.android.bindings.QtActivity$_17954
11-26 12:13:52.137  5002  8894 V WindowManager: Changing focus from null to Window{35ac467 u0 org.qtproject.example.wxapp/org.qtproject.qt5.android.bindings.QtActivity} displayId=0 Callers=com.android.server.wm.RootWindowContainer.updateFocusedWindowLocked:583 com.android.server.wm.WindowManagerService.updateFocusedWindowLocked:6497 com.android.server.wm.WindowManagerService.relayoutWindow:2770 com.android.server.wm.Session.relayout:242 
11-26 12:13:52.137  5002  8894 D MARsPolicyManager: onPackageResumedFG pkgName = org.qtproject.example.wxapp, userId = 0
11-26 12:13:52.165  5002  8894 D InputDispatcher: Focus request (0): 35ac467 org.qtproject.example.wxapp/org.qtproject.qt5.android.bindings.QtActivity but waiting because NOT_VISIBLE
11-26 12:13:52.174 17954 17995 F libc    : Fatal signal 11 (SIGSEGV), code 1 (SEGV_MAPERR), fault addr 0x0 in tid 17995 (qtMainLoopThrea), pid 17954 (t.example.wxapp)
11-26 12:13:52.386  5002  7307 D WindowManager: finishDrawingWindow: Window{35ac467 u0 org.qtproject.example.wxapp/org.qtproject.qt5.android.bindings.QtActivity} mDrawState=DRAW_PENDING
11-26 12:13:52.393  5002  5078 I WindowManager: Reparenting to leash, surface=Surface(name=35ac467 org.qtproject.example.wxapp/org.qtproject.qt5.android.bindings.QtActivity)/@0x2d1d95f, leashParent=Surface(name=ActivityRecord{ce102af u0 org.qtproject.example.wxapp/org.qtproject.qt5.android.bindings.QtActivity t580})/@0x20eafac
11-26 12:13:52.393  4898  5371 I SurfaceFlinger: id=52562 createSurf (0x0),-1 flag=24000, Surface(name=35ac467 org.qtproject.example.wxapp/org.qtproject.qt5.android.bindings.QtActivity)/@0x2d1d95f - animation-leash of starting_reveal#0
11-26 12:13:52.394  5002  5078 D WindowManager: makeSurface duration=1 leash=Surface(name=Surface(name=35ac467 org.qtproject.example.wxapp/org.qtproject.qt5.android.bindings.QtActivity)/@0x2d1d95f - animation-leash of starting_reveal)/@0x4cf6475
11-26 12:13:52.395  5002  5072 I PkgPredictorService-SecIpmManagerServiceImpl: reportToNAP uid:10511 org.qtproject.example.wxapp/org.qtproject.qt5.android.bindings.QtActivity thisTime:3453
11-26 12:13:52.398  5002  7307 D InputDispatcher: Focus entered window (0): 35ac467 org.qtproject.example.wxapp/org.qtproject.qt5.android.bindings.QtActivity
11-26 12:13:52.404  4898  4898 D SurfaceFlinger:      DEVICE | 0x7ca8d016c0 | 0102 | RGBA_8888    |    0.0    0.0  720.0 1600.0 |    0    0  720 1600 | org.qtproject.example.wxapp/org.qtpr[...]android.bindings.QtActivity$_17954#0
11-26 12:13:52.404  4898  4898 D SurfaceFlinger:      DEVICE | 0x7cc78bef80 | 0100 | RGBA_8888    |    0.0    0.0  720.0 1600.0 |    0    0  720 1600 | Splash Screen org.qtproject.example.wxapp$_5550#0
11-26 12:13:52.407 17954 17954 D InsetsSourceConsumer: ensureControlAlpha: for ITYPE_NAVIGATION_BAR on org.qtproject.example.wxapp/org.qtproject.qt5.android.bindings.QtActivity
11-26 12:13:52.408 17954 17954 D InsetsSourceConsumer: ensureControlAlpha: for ITYPE_STATUS_BAR on org.qtproject.example.wxapp/org.qtproject.qt5.android.bindings.QtActivity
11-26 12:13:52.415  5550  6139 I ViewRootImpl@8b50842[wxapp]: mWNT: t = android.view.SurfaceControl$Transaction@50413f9 fN = 2 android.view.SyncRtSurfaceTransactionApplier.applyTransaction:94 android.view.SyncRtSurfaceTransactionApplier.lambda$scheduleApply$0$SyncRtSurfaceTransactionApplier:71 android.view.SyncRtSurfaceTransactionApplier$$ExternalSyntheticLambda0.onFrameDraw:4 
11-26 12:13:52.415  5550  6139 I ViewRootImpl@8b50842[wxapp]: mWNT: merge t to BBQ
11-26 12:13:52.415  5550  6139 I ViewRootImpl@8b50842[wxapp]: mWNT: t = android.view.SurfaceControl$Transaction@c688f3e fN = 2 android.view.SyncRtSurfaceTransactionApplier.applyTransaction:94 android.view.SyncRtSurfaceTransactionApplier.lambda$scheduleApply$0$SyncRtSurfaceTransactionApplier:71 android.view.SyncRtSurfaceTransactionApplier$$ExternalSyntheticLambda0.onFrameDraw:4 
11-26 12:13:52.415  5550  6139 I ViewRootImpl@8b50842[wxapp]: mWNT: merge t to BBQ
